---
source: crates/luoxide-parser/src/lexer/tests.rs
expression: tokens
---
[
    (>Function @1..9),
    (>Lit_Identifier @10..13),
    (>LeftParen @13..14),
    (>Lit_Identifier @14..15),
    (>Comma @15..16),
    (>Lit_Identifier @17..18),
    (>RightParen @18..19),
    (>Return @24..30),
    (>Lit_Identifier @31..32),
    (>Add @33..34),
    (>Lit_Identifier @35..36),
    (>End @37..40),
    (>Lit_Identifier @42..43),
    (>Assign @44..45),
    (>Lit_Identifier @46..49),
    (>LeftParen @49..50),
    (>Lit_Number @50..51),
    (>Comma @51..52),
    (>Lit_Number @53..54),
    (>RightParen @54..55),
    (>Local @57..62),
    (>Function @63..71),
    (>Lit_Identifier @72..76),
    (>LeftParen @76..77),
    (>Lit_Identifier @77..78),
    (>RightParen @78..79),
    (>If @84..86),
    (>Lit_Identifier @87..88),
    (>LessThan @89..90),
    (>Lit_Number @91..92),
    (>Then @93..97),
    (>Return @98..104),
    (>Lit_Identifier @105..106),
    (>Else @107..111),
    (>Return @112..118),
    (>Lit_Identifier @119..120),
    (>Mul @121..122),
    (>Lit_Identifier @123..127),
    (>LeftParen @127..128),
    (>Lit_Identifier @128..129),
    (>Minus @130..131),
    (>Lit_Number @132..133),
    (>RightParen @133..134),
    (>End @135..138),
    (>End @139..142),
    (>Function @144..152),
    (>Lit_Identifier @153..161),
    (>LeftParen @161..162),
    (>Dots @162..165),
    (>RightParen @165..166),
    (>Return @171..177),
    (>Dots @178..181),
    (>End @182..185),
    (>Lit_Identifier @187..192),
    (>LeftParen @192..193),
    (>Lit_String @193..215),
    (>RightParen @215..216),
    (>Do @247..249),
    (>For @254..257),
    (>Lit_Identifier @258..259),
    (>Assign @260..261),
    (>Lit_Number @262..263),
    (>Comma @263..264),
    (>Lit_Number @265..267),
    (>Do @268..270),
    (>Lit_Identifier @279..284),
    (>LeftParen @284..285),
    (>Lit_Identifier @285..286),
    (>RightParen @286..287),
    (>End @292..295),
    (>For @301..304),
    (>Lit_Identifier @305..306),
    (>In @307..309),
    (>LeftCurly @310..311),
    (>Lit_Number @311..312),
    (>Comma @312..313),
    (>Lit_Number @314..316),
    (>RightCurly @316..317),
    (>Do @318..320),
    (>Lit_Identifier @329..334),
    (>LeftParen @334..335),
    (>Lit_Identifier @335..336),
    (>RightParen @336..337),
    (>End @342..345),
    (>Lit_Identifier @351..352),
    (>Assign @353..354),
    (>Lit_Number @355..356),
    (>While @361..366),
    (>Lit_Identifier @367..368),
    (>LessThan @369..370),
    (>Lit_Number @371..373),
    (>Do @374..376),
    (>Lit_Identifier @385..390),
    (>LeftParen @390..391),
    (>Lit_Identifier @391..392),
    (>RightParen @392..393),
    (>Lit_Identifier @402..403),
    (>Assign @404..405),
    (>Lit_Identifier @406..407),
    (>Add @408..409),
    (>Lit_Number @410..411),
    (>End @416..419),
    (>Goto @425..429),
    (>Lit_Identifier @430..440),
    (>Repeat @446..452),
    (>Lit_Identifier @461..466),
    (>LeftParen @466..467),
    (>Lit_Identifier @467..468),
    (>RightParen @468..469),
    (>If @478..480),
    (>Lit_Identifier @481..482),
    (>Equal @483..485),
    (>Lit_Number @486..487),
    (>Then @488..492),
    (>Break @505..510),
    (>End @519..522),
    (>Lit_Identifier @531..532),
    (>Assign @533..534),
    (>Lit_Identifier @535..536),
    (>Add @537..538),
    (>Lit_Number @539..540),
    (>Until @545..550),
    (>Lit_Identifier @551..552),
    (>GreaterThan @553..554),
    (>Lit_Number @555..557),
    (>DoubleColon @563..565),
    (>Lit_Identifier @565..575),
    (>DoubleColon @575..577),
    (>If @603..605),
    (>Lit_Identifier @606..607),
    (>LessThan @608..609),
    (>Lit_Number @610..612),
    (>Then @613..617),
    (>Lit_Identifier @626..631),
    (>LeftParen @631..632),
    (>Lit_String @632..646),
    (>RightParen @646..647),
    (>Lit_Identifier @652..656),
    (>Lit_Identifier @657..658),
    (>Equal @659..661),
    (>Lit_Number @662..664),
    (>Then @665..669),
    (>Lit_Identifier @678..683),
    (>LeftParen @683..684),
    (>Lit_String @684..697),
    (>RightParen @697..698),
    (>Else @703..707),
    (>Lit_Identifier @716..721),
    (>LeftParen @721..722),
    (>Lit_String @722..729),
    (>Concat @730..732),
    (>Lit_Identifier @733..734),
    (>RightParen @734..735),
    (>End @740..743),
    (>End @745..748),
    (>Lit_Identifier @750..755),
    (>LeftParen @755..756),
    (>Lit_String @756..762),
    (>Concat @763..765),
    (>LeftParen @766..767),
    (>Lit_Identifier @767..768),
    (>And @769..772),
    (>Lit_Identifier @773..779),
    (>LeftParen @779..780),
    (>Lit_Identifier @780..781),
    (>RightParen @781..782),
    (>Or @783..785),
    (>Lit_Identifier @786..787),
    (>RightParen @787..788),
    (>RightParen @788..789),
]
