---
source: crates/luoxide-parser/tests/parse.rs
expression: "compile_expression(&mut intern, \"a.b.c()\")"
---
Ok(
    Expression {
        kind: Call {
            callee: Expression {
                kind: Member {
                    object: Expression {
                        kind: Member {
                            object: Expression {
                                kind: Identifier(
                                    Identifier {
                                        name: Atom(1),
                                        span: 0..1,
                                    },
                                ),
                                span: 0..1,
                            },
                            name: Identifier {
                                name: Atom(2),
                                span: 2..3,
                            },
                        },
                        span: 0..3,
                    },
                    name: Identifier {
                        name: Atom(3),
                        span: 4..5,
                    },
                },
                span: 0..5,
            },
            args: [],
        },
        span: 0..7,
    },
)
