---
source: crates/luoxide-parser/tests/parse.rs
expression: "snapshot_parse(&source, &outcome)"
input_file: crates/luoxide-parser/tests/inputs/suffixed.lua
---
ok
a.b.c()
a.b["c"].d()
f(1, 2, 3)
f()
f("string argument")
f("long string argument")
f({ table = "argument" })
obj:method()
obj:method(1, 2)
obj.field:method("text")
a.b.c().d:e()({ nested = true })(f())()
