---
source: crates/luoxide-parser/tests/parse.rs
expression: "snapshot_parse(&source, &outcome)"
input_file: crates/luoxide-parser/tests/inputs/statements.lua
---
ok
x = 1
a, b = 1, 2
a.b[c] = d
local plain
local one = 1
local x, y = 1, 2
local const <const> = 42
local closing <close> = resource()
local <const> a, b = 1, 2
local <const> x <close> = resource()
local p <const>, q = 1, 2
global *
global g
global <const> PI = 3.14
global X <const>, Y = 1, 2
if a then
        f()
elseif b then
        g()
else
        h()
end
while cond do
        body()
end
repeat
        body()
until cond
for i = 1, 10 do
        f(i)
end
for i = 10, 1, -1 do
        f(i)
end
for k, v in pairs(t) do
        f(k, v)
end
do
        isolated()
end
function top_level(a, b)
        return a + b
end
function m.nested.fn()
end
function m.class:method(x)
        return self, x
end
local function local_fn(...)
        return ...
end
::top::
goto top
while true do
        break
end
function returns_nothing()
        return
end
function returns_values()
        return 1, 2
end
